<html>
<body>
<pre>
<h1>µVision Build Log</h1>
<h2>Tool Versions:</h2>
IDE-Version: •ÏVision V5.39.0.0
Copyright (C) 2023 ARM Ltd and ARM Germany GmbH. All rights reserved.
License Information: Sean Koo, University of Utah, LIC=----
 
Tool Versions:
Toolchain:       MDK-Lite  Version: 5.39.0.0
Toolchain Path:  C:\Keil_v5\ARM\ARM_Compiler_5.06u7\Bin
C Compiler:      Armcc.exe V5.06 update 7 (build 960)
Assembler:       Armasm.exe V5.06 update 7 (build 960)
Linker/Locator:  ArmLink.exe V5.06 update 7 (build 960)
Library Manager: ArmAr.exe V5.06 update 7 (build 960)
Hex Converter:   FromElf.exe V5.06 update 7 (build 960)
CPU DLL:         SARMCM3.DLL V5.39.0.0
Dialog DLL:      DARMCM1.DLL V1.19.6.0
Target DLL:      STLink\ST-LINKIII-KEIL_SWO.dll V3.2.0.0
Dialog DLL:      TARMCM1.DLL V1.14.6.0
 
<h2>Project:</h2>
C:\Users\rinna\Desktop\ECE5780-LABs\Lab5 I2C\MDK-ARM\Lab5 I2C.uvprojx
Project File Date:  03/13/2024

<h2>Output:</h2>
*** Using Compiler 'V5.06 update 7 (build 960)', folder: 'C:\Keil_v5\ARM\ARM_Compiler_5.06u7\Bin'
Build target 'Lab5 I2C'
compiling main.c...
../Core/Src/main.c(580): warning:  #177-D: function "MX_I2C2_Init"  was declared but never referenced
  static void MX_I2C2_Init(void)
../Core/Src/main.c(628): warning:  #177-D: function "MX_SPI2_Init"  was declared but never referenced
  static void MX_SPI2_Init(void)
../Core/Src/main.c(668): warning:  #177-D: function "MX_TSC_Init"  was declared but never referenced
  static void MX_TSC_Init(void)
../Core/Src/main.c(711): warning:  #177-D: function "MX_USB_PCD_Init"  was declared but never referenced
  static void MX_USB_PCD_Init(void)
../Core/Src/main.c(743): warning:  #177-D: function "MX_GPIO_Init"  was declared but never referenced
  static void MX_GPIO_Init(void)
../Core/Src/main.c: 5 warnings, 0 errors
linking...
Program Size: Code=4704 RO-data=372 RW-data=16 ZI-data=1632  
FromELF: creating hex file...
"Lab5 I2C\Lab5 I2C.axf" - 0 Error(s), 5 Warning(s).

<h2>Software Packages used:</h2>

Package Vendor: ARM
                http://www.keil.com/pack/ARM.CMSIS.5.9.0.pack
                ARM::CMSIS@5.9.0
                CMSIS (Common Microcontroller Software Interface Standard)
   * Component: CORE Version: 5.6.0

Package Vendor: Keil
                https://www.keil.com/pack/Keil.STM32F0xx_DFP.2.1.1.pack
                Keil::STM32F0xx_DFP@2.1.1
                STMicroelectronics STM32F0 Series Device Support, Drivers and Examples

<h2>Collection of Component include folders:</h2>
  ./RTE/_Lab5_I2C
  C:/Users/rinna/AppData/Local/Arm/Packs/ARM/CMSIS/5.9.0/CMSIS/Core/Include
  C:/Users/rinna/AppData/Local/Arm/Packs/Keil/STM32F0xx_DFP/2.1.1/Drivers/CMSIS/Device/ST/STM32F0xx/Include

<h2>Collection of Component Files used:</h2>

   * Component: ARM::CMSIS:CORE@5.6.0
      Include file:  CMSIS/Core/Include/tz_context.h
Build Time Elapsed:  00:00:01
</pre>
</body>
</html>
